{
  "Id": 2,
  "Name": "Bug Eugenia Grant with some repetitive requests",
  "Settings": null
}
